2019-06-20 21:02:30,Weibo Connect Timeout,2955896132
2019-06-20 21:02:42,Weibo Connect2 Timeout,2955896132
2019-06-20 21:02:54,Weibo Connect2 Timeout,2955896132
2019-06-20 21:03:06,Weibo Connect2 Timeout,2955896132
2019-06-20 21:03:18,Weibo Connect2 Timeout,2955896132
2019-06-20 21:03:30,Weibo Connect2 Timeout,2955896132
